---
source: src/markdown/parser.rs
expression: json
---
{
  "kind": "render_tree",
  "tree": [
    {
      "c": [
        {
          "c": [
            "this"
          ],
          "t": "code"
        },
        " is ",
        {
          "c": [
            "inline code"
          ],
          "t": "code"
        },
        "."
      ],
      "t": "p"
    }
  ]
}
