---
source: src/markdown/parser.rs
expression: "(text, mapped)"
---
(
    "Emoji  and  this is single : colon\nthis is also single:colon",
    [
        (
            "Emoji ",
            0..6,
        ),
        (
            " and ",
            11..16,
        ),
        (
            " ",
            21..22,
        ),
        (
            "this is single ",
            31..46,
        ),
        (
            ": colon",
            46..53,
        ),
        (
            "\n",
            53..54,
        ),
        (
            "this is also single",
            54..73,
        ),
        (
            ":colon",
            73..79,
        ),
    ],
)
