---
source: src/markdown/parser.rs
expression: "(text, mapped)"
---
(
    "this is checkedthis is unchecked",
    [
        (
            "this is checked",
            6..21,
        ),
        (
            "this is unchecked",
            28..45,
        ),
    ],
)
