---
source: src/markdown/parser.rs
expression: "(text, mapped)"
---
(
    "",
    [],
)
